3040976509310,3480,43556,57911,65535,3480,33880,57981,65535,3482,47672,57966,65535,4913,43787,58079,65535,3481,43666,58056,65535,1191,187,225000,65535,7371,41783,58056,65535,3040994011770,
3040985409030,ARCHITECTURE=v1
3040985422740,FREQUENCY=3MHz
3040985429590,TARGET_VOLTAGE=0.85V
3040985444200,WEIGHTS=weights/new_digitcaps_weights_fixed32_16.bin
3040985451800,NUM_IMAGES=10
3041119507510,3480,43717,57911,65535,3482,33972,57981,65535,3482,47811,57966,65535,4913,43841,58079,65535,3481,43655,58047,65535,1193,170,212000,65535,7373,41767,58056,65535,3041131774980,
3041257254670,3481,41652,57911,65535,3480,36160,57989,65535,3480,47769,57964,65535,4915,43821,58073,65535,3481,43657,58047,65535,1193,156,187000,65535,7373,41767,58045,65535,3041270287610,
3041395697900,3480,43531,57913,65535,3482,33846,57989,65535,3482,47778,57964,65535,4913,45791,58075,65535,3481,43656,58049,65535,1190,241,350000,65535,7373,41771,58045,65535,3041412400360,
3041538083490,3481,41483,57913,65535,3480,36350,57983,65535,3483,47767,57964,65535,4913,43802,58075,65535,3482,43659,58047,65535,1192,169,200000,65535,7371,41779,58049,65535,3041550647740,
3041676028890,3481,45761,57909,65535,3480,33893,57983,65535,3480,47680,57964,65535,4915,43833,58077,65535,3482,43652,58047,65535,1192,165,200000,65535,7371,41771,58049,65535,3041688199430,
3041813516740,3480,41719,57909,65535,3480,36330,57979,65535,3480,47654,57970,65535,4913,43782,58077,65535,3481,43668,58056,65535,1192,177,212000,65535,7371,41769,58049,65535,3041825434140,
3041937439870,MEASUREMENT_START
3041950775450,3481,41972,57913,65535,3480,36323,57979,65535,3483,47701,57960,65535,4913,43877,58079,65535,3481,43661,58056,65535,1192,175,200000,65535,7373,41769,58049,65535,3041962421460,
3042087733290,3481,43641,57915,65535,3480,34004,57987,65535,3480,47687,57960,65535,4915,43852,58079,65535,3481,43657,58051,65535,1192,175,200000,65535,7371,41782,58049,65535,3042099315130,
3042224627250,3481,43826,57915,65535,3482,36157,57985,65535,3480,47669,57964,65535,4913,43846,58079,65535,3482,43653,58051,65535,1192,165,200000,65535,7373,41782,58051,65535,3042236197680,
3042361530440,3480,43573,57913,65535,3482,36272,57985,65535,3480,47676,57964,65535,4915,43893,58079,65535,3482,43656,58049,65535,1192,164,200000,65535,7371,41783,58051,65535,3042373180240,
3042367118770,MEASUREMENT_END
3042385020650,RUNS=10
3042385258140,STAGE_ACTIVE_WINDOW_MS=429.607050
3042385440650,STAGE_LATENCY_PER_INFERENCE_MS=42.960705
3042392553380,STATUS=COMPLETED
3042498574510,3481,43734,57913,65535,3482,33947,57985,65535,3482,47755,57964,65535,4915,43778,58073,65535,3481,43654,58049,65535,1192,161,200000,65535,7373,41777,58053,65535,3042510642810,
3042636017370,3481,45596,57909,65535,3482,36269,57985,65535,3482,47657,57964,65535,4913,43822,58073,65535,3482,43666,58053,65535,1192,163,200000,65535,7371,41768,58053,65535,3042648582120,
3042773957450,3481,37538,57909,65535,3482,36256,57979,65535,3480,47677,57970,65535,4915,43817,58077,65535,3482,43664,58053,65535,1192,166,200000,65535,7371,41771,58055,65535,3042786362150,
3042820810420,ARCHITECTURE=v1
3042820826480,FREQUENCY=3MHz
3042820835680,TARGET_VOLTAGE=0.84V
3042820850630,WEIGHTS=weights/new_digitcaps_weights_fixed32_16.bin
3042820862600,NUM_IMAGES=10
3042911790880,3440,49913,57913,65535,3482,34173,57979,65535,3482,47801,57970,65535,4913,43855,58073,65535,3481,43657,58053,65535,1192,175,212000,65535,7373,41778,58055,65535,3042924152390,
3043049602940,3439,49809,57913,65535,3480,34082,57979,65535,3480,47774,57966,65535,4913,45934,58073,65535,3482,43662,58056,65535,1193,154,187000,65535,7373,41786,58051,65535,3043061532260,
3043186901900,3439,49870,57913,65535,3482,36327,57979,65535,3480,47756,57966,65535,4913,43788,58075,65535,3481,43661,58056,65535,1193,150,187000,65535,7371,41768,58051,65535,3043198766770,
3043324154200,3440,49825,57913,65535,3480,36229,57983,65535,3482,47768,57960,65535,4915,43799,58075,65535,3481,43651,58049,65535,1193,166,200000,65535,7371,41774,58051,65535,3043336282560,
3043461784440,3440,49870,57909,65535,3482,33797,57983,65535,3480,47658,57960,65535,4913,43802,58081,65535,3482,43647,58049,65535,1193,167,200000,65535,7371,41780,58045,65535,3043473749740,
3043599100120,3440,49835,57909,65535,3482,36344,57981,65535,3480,47667,57962,65535,4915,43822,58081,65535,3481,43654,58047,65535,1192,166,200000,65535,7373,41771,58045,65535,3043610675030,
3043735993870,3440,49831,57909,65535,3480,34114,57985,65535,3480,47666,57964,65535,4913,43865,58077,65535,3481,43665,58047,65535,1192,175,200000,65535,7371,41777,58049,65535,3043747542370,
3043773829090,MEASUREMENT_START
3043872884350,3440,49808,57911,65535,3482,36317,57985,65535,3480,47675,57964,65535,4915,43858,58077,65535,3481,43660,58049,65535,1192,175,200000,65535,7373,41775,58049,65535,3043884640650,
3044009970050,3440,49740,57911,65535,3480,36333,57985,65535,3480,47649,57964,65535,4913,43856,58079,65535,3481,43660,58049,65535,1192,175,200000,65535,7373,41775,58045,65535,3044021544020,
3044146862020,3440,49732,57907,65535,3480,36351,57985,65535,3480,47696,57964,65535,4913,43792,58079,65535,3482,43656,58051,65535,1193,166,200000,65535,7371,41805,58045,65535,3044158402970,
3044203434720,MEASUREMENT_END
3044221483200,RUNS=10
3044221728040,STAGE_ACTIVE_WINDOW_MS=429.595820
3044221912380,STAGE_LATENCY_PER_INFERENCE_MS=42.959582
3044229069580,STATUS=COMPLETED
3044283814330,3481,43919,57907,65535,3480,36211,57983,65535,3482,47764,57962,65535,4913,43907,58077,65535,3482,43660,58051,65535,1192,159,187000,65535,7371,41770,58049,65535,3044296024940,
3044421402570,3480,43869,57913,65535,3482,36297,57983,65535,3480,47674,57962,65535,4913,43800,58075,65535,3482,43649,58051,65535,1192,162,200000,65535,7373,41767,58049,65535,3044433099540,
3044558469540,3481,39451,57913,65535,3482,34019,57981,65535,3480,47653,57968,65535,4915,43800,58075,65535,3482,43663,58049,65535,1193,153,187000,65535,7371,41784,58041,65535,3044571066260,
3044633146180,ARCHITECTURE=v1
3044633160950,FREQUENCY=3MHz
3044633169990,TARGET_VOLTAGE=0.83V
3044633186030,WEIGHTS=weights/new_digitcaps_weights_fixed32_16.bin
3044633197200,NUM_IMAGES=10
3044696495300,3398,48056,57913,65535,3480,36290,57981,65535,3482,47807,57968,65535,4915,43834,58073,65535,3482,43659,58049,65535,1192,167,200000,65535,7373,41768,58049,65535,3044708820160,
3044834248580,3399,49681,57913,65535,3480,36335,57987,65535,3480,47810,57962,65535,4915,43843,58073,65535,3482,43666,58053,65535,1193,153,187000,65535,7371,41785,58049,65535,3044846235920,
3044971619270,3398,49678,57911,65535,3482,33809,57987,65535,3482,47762,57962,65535,4915,43792,58073,65535,3481,43671,58053,65535,1192,154,187000,65535,7373,41781,58051,65535,3044983389450,
3045108778310,3398,48045,57911,65535,3480,36353,57981,65535,3482,47773,57966,65535,4913,43807,58073,65535,3482,43654,58051,65535,1192,166,200000,65535,7373,41785,58051,65535,3045120938420,
3045246347600,3399,48121,57907,65535,3480,36176,57983,65535,3480,47689,57966,65535,4913,43767,58077,65535,3481,43656,58051,65535,1192,178,212000,65535,7373,41774,58051,65535,3045258308330,
3045383681980,3398,49746,57909,65535,3482,36323,57983,65535,3482,47658,57962,65535,4915,43825,58077,65535,3481,43664,58053,65535,1192,175,200000,65535,7371,41794,58051,65535,3045395233780,
3045520550000,3399,47982,57909,65535,3482,36159,57979,65535,3482,47665,57964,65535,4913,43856,58075,65535,3481,43659,58053,65535,1192,175,200000,65535,7373,41772,58043,65535,3045532082960,
3045584472480,MEASUREMENT_START
3045657404310,3399,49724,57913,65535,3480,36275,57979,65535,3482,47685,57964,65535,4913,43832,58075,65535,3481,43656,58053,65535,1192,170,200000,65535,7371,41772,58043,65535,3045668992080,
3045794300600,3398,48045,57913,65535,3480,36120,57983,65535,3480,47667,57964,65535,4915,43814,58077,65535,3482,43653,58053,65535,1193,163,200000,65535,7371,41749,58055,65535,3045805997500,
3045931309130,3399,49678,57907,65535,3480,33813,57983,65535,3480,47694,57964,65535,4913,43862,58075,65535,3482,43649,58053,65535,1192,175,200000,65535,7373,41759,58055,65535,3045942896710,
3046014078280,MEASUREMENT_END
3046032091190,RUNS=10
3046032328750,STAGE_ACTIVE_WINDOW_MS=429.595120
3046032511510,STAGE_LATENCY_PER_INFERENCE_MS=42.959512
3046039637120,STATUS=COMPLETED
3046068314800,3399,49737,57907,65535,3482,33920,57985,65535,3482,47750,57964,65535,4913,43935,58075,65535,3481,43659,58053,65535,1193,164,200000,65535,7371,41772,58051,65535,3046080492880,
3046205872440,3481,37898,57909,65535,3482,36315,57985,65535,3482,47671,57964,65535,4915,43807,58075,65535,3481,43661,58049,65535,1193,166,200000,65535,7371,41787,58051,65535,3046217653910,
3046343004840,3481,43784,57909,65535,3482,36323,57985,65535,3486,47751,57973,65535,4913,43790,58075,65535,3482,43658,58049,65535,1192,160,187000,65535,7371,41774,58051,65535,3046354824720,
3046448882590,ARCHITECTURE=v1
3046448898380,FREQUENCY=3MHz
3046448907510,TARGET_VOLTAGE=0.82V
3046448922430,WEIGHTS=weights/new_digitcaps_weights_fixed32_16.bin
3046448934310,NUM_IMAGES=10
3046480301140,3480,43970,57911,65535,3480,36153,57985,65535,3482,47808,57973,65535,4913,44022,58081,65535,3481,43652,58049,65535,1192,167,200000,65535,7371,41775,58049,65535,3046493771690,
3046619215170,3357,47864,57911,65535,3480,36295,57987,65535,3482,47794,57960,65535,4915,44026,58081,65535,3481,43665,58049,65535,1192,173,212000,65535,7371,41755,58049,65535,3046631476320,
3046757138500,3358,47885,57913,65535,3480,34019,57987,65535,3480,47766,57960,65535,4913,43777,58077,65535,3481,43666,58049,65535,1193,153,187000,65535,7373,41771,58053,65535,3046770161260,
3046895557200,3357,47901,57906,65535,3482,36154,57983,65535,3482,47825,57964,65535,4915,43826,58077,65535,3482,43662,58051,65535,1192,162,187000,65535,7373,41774,58053,65535,3046908040970,
3047033417640,3357,47920,57906,65535,3482,33883,57989,65535,3482,47672,57968,65535,4913,43843,58073,65535,3482,43661,58051,65535,1192,177,212000,65535,7371,41785,58051,65535,3047045347590,
3047170724980,3358,47899,57913,65535,3482,33953,57989,65535,3480,47673,57968,65535,4915,43802,58073,65535,3481,43656,58053,65535,1191,175,200000,65535,7371,41768,58051,65535,3047182643410,
3047307968920,3357,47874,57913,65535,3480,33897,57985,65535,3482,47677,57964,65535,4913,43883,58081,65535,3482,43651,58053,65535,1192,161,200000,65535,7371,41789,58049,65535,3047319538650,
3047403517960,MEASUREMENT_START
3047444853960,3358,47916,57911,65535,3482,36269,57985,65535,3480,47680,57964,65535,4913,43888,58081,65535,3481,43659,58055,65535,1192,170,200000,65535,7371,41775,58049,65535,3047456445610,
3047581779680,3358,47908,57911,65535,3482,33856,57987,65535,3482,47663,57966,65535,4913,43852,58081,65535,3482,43661,58055,65535,1192,175,200000,65535,7371,41779,58049,65535,3047593308840,
3047718619580,3358,47887,57919,65535,3482,33947,57987,65535,3482,47706,57966,65535,4913,43798,58077,65535,3481,43659,58051,65535,1192,175,200000,65535,7373,41782,58049,65535,3047731276600,
3047833121010,MEASUREMENT_END
3047851158070,RUNS=10
3047851394300,STAGE_ACTIVE_WINDOW_MS=429.584100
3047851575180,STAGE_LATENCY_PER_INFERENCE_MS=42.958410
3047856624690,3357,47849,57919,65535,3482,33813,57985,65535,3482,47795,57964,65535,4915,45666,58077,65535,3482,43654,58053,65535,1192,200,237000,65535,7371,41781,58051,65535,3047875668730,
3047859050110,STATUS=COMPLETED
3048001133730,3480,43826,57913,65535,3482,36242,57985,65535,3482,47677,57964,65535,4913,43833,58075,65535,3482,43655,58053,65535,1192,166,200000,65535,7373,41798,58055,65535,3048012973400,
3048138320530,3481,45604,57913,65535,3480,36309,57983,65535,3480,47682,57964,65535,4913,43873,58075,65535,3482,43650,58049,65535,1192,169,200000,65535,7373,41765,58055,65535,3048150724040,
3048262223430,ARCHITECTURE=v1
3048262238990,FREQUENCY=3MHz
3048262248590,TARGET_VOLTAGE=0.81V
3048262264060,WEIGHTS=weights/new_digitcaps_weights_fixed32_16.bin
3048262275530,NUM_IMAGES=10
3048276183500,3481,34810,57909,65535,3480,33993,57985,65535,3480,47776,57964,65535,4915,45578,58079,65535,3482,43662,58049,65535,1192,170,200000,65535,7371,41783,58049,65535,3048288718620,
3048414169220,3317,47788,57907,65535,3482,36215,57985,65535,3482,47767,57958,65535,4915,43896,58079,65535,3481,43653,58053,65535,1192,177,212000,65535,7373,41782,58049,65535,3048426361630,
3048551776810,3317,47644,57907,65535,3480,33800,57983,65535,3480,47774,57958,65535,4913,43857,58070,65535,3481,43656,58053,65535,1193,154,187000,65535,7373,41778,58051,65535,3048565692540,
3048691166860,3316,47731,57907,65535,3480,33843,57983,65535,3480,47921,57970,65535,4913,45778,58070,65535,3481,43652,58051,65535,1190,267,312000,65535,7371,41772,58051,65535,3048704085370,
3048829487580,3316,47838,57907,65535,3480,33975,57981,65535,3482,47677,57964,65535,4913,43911,58079,65535,3482,43656,58051,65535,1192,176,200000,65535,7371,41774,58053,65535,3048842012270,
3048967358830,3315,47904,57911,65535,3482,33844,57981,65535,3480,47684,57964,65535,4913,43847,58077,65535,3482,43659,58047,65535,1192,175,200000,65535,7371,41775,58053,65535,3048978897730,
3049104245680,3317,47823,57911,65535,3480,36321,57983,65535,3480,47676,57962,65535,4913,43892,58077,65535,3482,43657,58051,65535,1192,175,200000,65535,7371,41785,58049,65535,3049115788780,
3049218192710,MEASUREMENT_START
3049241101350,3317,47750,57906,65535,3480,36269,57983,65535,3480,47680,57962,65535,4915,43820,58081,65535,3482,43664,58051,65535,1192,173,200000,65535,7373,41772,58051,65535,3049253847840,
3049379208380,3316,47925,57906,65535,3480,36323,57987,65535,3480,47680,57960,65535,4915,43862,58081,65535,3482,43663,58045,65535,1192,169,200000,65535,7371,41791,58051,65535,3049390762080,
3049516075820,3316,47832,57907,65535,3482,33866,57987,65535,3480,47683,57960,65535,4913,43779,58079,65535,3482,43653,58045,65535,1193,158,187000,65535,7373,41757,58051,65535,3049527600510,
3049647731230,MEASUREMENT_END
3049652911940,3316,45963,57907,65535,3482,36350,57985,65535,3482,47679,57962,65535,4915,43850,58079,65535,3481,43652,58051,65535,1192,172,200000,65535,7371,41775,58051,65535,3049664937140,
3049665843610,RUNS=10
3049666053520,STAGE_ACTIVE_WINDOW_MS=429.581890
3049666235040,STAGE_LATENCY_PER_INFERENCE_MS=42.958189
3049673543870,STATUS=COMPLETED
3049790416830,3481,39451,57907,65535,3482,65535,57983,65535,3482,47691,57962,65535,4913,43812,58075,65535,3481,43661,58051,65535,1193,153,200000,65535,7373,41769,58049,65535,3049803060520,
3049928416200,3480,41601,57909,65535,3480,34144,57983,65535,3480,47680,57964,65535,4913,43842,58075,65535,3482,43666,58051,65535,1192,157,187000,65535,7373,41779,58049,65535,3049940136890,
